bb1.0 -> {bb2.0, bb3.0}
bb1.2 -> {bb1.1}
bb1.3 -> {entry.2}
bb1.term -> {bb1.3}
bb10.0 -> {bb11.0, bb7.4}
bb10.1 -> {bb10.0}
bb10.3 -> {bb10.2}
bb10.4 -> {bb10.3}
bb10.5 -> {bb10.4}
bb10.7 -> {bb10.6}
bb10.9 -> {bb10.8}
bb10.term -> {bb10.9}
bb11.0 -> {bb1.0}
bb12.0 -> {bb10.7, bb13.0, bb14.0}
bb12.1 -> {bb12.0}
bb12.2 -> {bb12.1}
bb12.3 -> {bb1.0, bb12.2}
bb12.4 -> {bb12.3}
bb12.6 -> {bb12.4, bb12.5}
bb12.7 -> {bb12.6}
bb12.8 -> {bb12.7}
bb12.10 -> {bb12.9, entry.2}
bb12.11 -> {bb1.0}
bb12.12 -> {bb12.11}
bb12.13 -> {bb12.12}
bb12.14 -> {bb12.13, bb7.1}
bb12.15 -> {bb12.10, bb12.14}
bb12.term -> {bb1.0}
bb15.0 -> {bb12.15, bb24.8, bb29.0, bb7.1}
bb15.1 -> {bb10.4, bb10.5}
bb15.2 -> {bb15.1}
bb15.3 -> {bb15.2}
bb15.4 -> {bb15.3}
bb15.term -> {bb15.4}
bb16.1 -> {bb12.15, bb16.0, bb7.1}
bb16.3 -> {bb16.2, bb7.3}
bb16.4 -> {bb12.15, bb16.3, bb7.1}
bb16.6 -> {bb16.5}
bb16.7 -> {bb16.4, bb16.6}
bb16.8 -> {bb16.1, bb16.7}
bb16.9 -> {bb16.8}
bb16.10 -> {bb16.9}
bb18.term -> {bb1.2, bb21.18}
bb20.1 -> {bb20.0}
bb20.term -> {bb20.1}
bb21.0 -> {bb12.15, bb7.1, entry.2}
bb21.1 -> {bb21.0, bb22.0, bb23.0}
bb21.2 -> {bb21.1}
bb21.4 -> {bb12.15, bb21.3, bb7.1}
bb21.5 -> {bb21.4}
bb21.6 -> {bb21.2}
bb21.8 -> {bb19.0, bb21.7}
bb21.9 -> {bb21.8}
bb21.10 -> {bb21.9}
bb21.12 -> {bb21.11}
bb21.13 -> {bb21.12}
bb21.14 -> {bb10.5, bb21.13}
bb21.15 -> {bb21.10, bb21.14}
bb21.16 -> {bb21.15}
bb21.17 -> {bb12.15, bb21.16, bb7.1}
bb21.18 -> {bb21.17}
bb24.0 -> {bb10.1, bb21.2}
bb24.1 -> {bb24.0}
bb24.2 -> {bb24.1, bb7.2}
bb24.3 -> {bb10.1, bb10.4, bb21.2}
bb24.4 -> {bb12.15, bb24.3, bb7.1}
bb24.5 -> {bb1.2, bb21.18, bb24.4}
bb24.6 -> {bb20.0, bb24.5, bb25.2}
bb24.7 -> {bb24.6}
bb24.8 -> {bb24.2, bb24.7}
bb25.1 -> {bb12.15, bb25.0, bb7.1}
bb25.2 -> {bb25.1}
bb26.1 -> {bb10.4, bb26.0}
bb26.2 -> {bb12.15, bb24.8, bb26.1, bb7.1}
bb26.3 -> {bb26.2}
bb26.term -> {bb26.3}
bb27.1 -> {bb12.15, bb24.8, bb7.1}
bb27.2 -> {bb27.1}
bb27.3 -> {bb27.2}
bb27.4 -> {bb12.15, bb24.8, bb27.3, bb7.1}
bb27.5 -> {bb27.0, bb27.4}
bb27.6 -> {bb12.15, bb24.8, bb27.5, bb7.1}
bb27.7 -> {bb1.2, bb21.18, bb27.6}
bb27.8 -> {bb27.7}
bb28.term -> {bb28.0}
bb29.0 -> {bb10.4, bb30.0, bb31.0}
bb29.2 -> {bb29.1}
bb32.term -> {bb15.3, bb33.1}
bb33.0 -> {bb12.15, bb24.8, bb29.0, bb7.1}
bb33.1 -> {bb33.0}
bb4.term -> {bb5.0, bb6.0}
bb7.0 -> {bb1.2, bb8.0, bb9.0}
bb7.1 -> {bb7.0}
bb7.3 -> {bb7.2}
bb7.4 -> {bb7.1}
bb7.5 -> {bb7.4}
bb7.term -> {bb7.5}
entry.1 -> {entry.0}
entry.2 -> {entry.1}
entry.term -> {entry.3}
