bb1.0 -> {bb2.0, bb3.0}
bb1.1 -> {bb1.0}
bb1.2 -> {bb1.1}
bb1.3 -> {bb1.2}
bb1.4 -> {bb1.3}
bb1.5 -> {bb1.4}
bb1.8 -> {bb1.7}
bb1.9 -> {bb1.4}
bb1.10 -> {bb1.9}
bb1.11 -> {bb1.2}
bb1.12 -> {bb1.11}
bb1.13 -> {bb1.12}
bb1.term -> {bb1.13}
bb10.0 -> {bb6.term}
bb10.1 -> {bb1.term, bb10.0, bb4.term, bb6.term}
bb10.term -> {bb1.6, bb1.8, bb1.term, bb10.1, bb4.term, bb5.0, bb6.term, bb7.0, bb8.0}
bb11.1 -> {bb1.5, bb11.0}
bb11.term -> {bb1.term, bb10.term, bb11.1, bb4.term, bb6.term, bb9.term}
bb12.term -> {bb11.term}
bb13.term -> {bb1.term, bb10.term, bb11.term, bb14.term, bb15.term, bb17.term, bb20.term, bb21.term, bb23.6, bb24.term, bb25.9, bb25.term, bb26.term, bb28.term, bb31.term, bb32.term, bb33.1, bb4.term, bb6.term, bb9.3, bb9.term}
bb14.1 -> {bb1.5, bb14.0}
bb14.term -> {bb1.term, bb10.term, bb11.term, bb4.term, bb6.term, bb9.term}
bb15.0 -> {bb1.6, bb10.term, bb6.term}
bb15.1 -> {bb10.term, bb6.term}
bb15.2 -> {bb15.0, bb15.1}
bb15.3 -> {bb15.2}
bb15.4 -> {bb1.9, bb1.10, bb5.12}
bb15.5 -> {bb1.6, bb10.term, bb15.3, bb15.4, bb5.0, bb6.term}
bb15.6 -> {bb1.2, bb15.3}
bb15.7 -> {bb1.9, bb1.10, bb15.6}
bb15.term -> {bb1.6, bb1.term, bb10.term, bb11.term, bb15.3, bb15.5, bb15.7, bb4.term, bb5.0, bb6.term, bb9.term}
bb16.0 -> {bb14.1, bb14.term}
bb16.2 -> {bb1.2, bb1.9, bb1.10}
bb16.3 -> {bb16.1, bb16.2}
bb16.4 -> {bb16.3}
bb16.term -> {bb10.term, bb16.0, bb6.term}
bb17.0 -> {bb1.2, bb1.9, bb1.10}
bb17.1 -> {bb10.term, bb16.0, bb16.4, bb17.0, bb5.0, bb6.term}
bb17.2 -> {bb1.8, bb17.1}
bb17.3 -> {bb17.2, bb18.0, bb19.0}
bb17.term -> {bb1.9, bb1.term, bb10.term, bb11.term, bb14.term, bb16.0, bb16.4, bb17.3, bb4.term, bb5.0, bb6.term, bb9.term}
bb20.0 -> {bb1.2, bb1.9, bb17.4}
bb20.term -> {bb1.term, bb10.term, bb11.term, bb14.term, bb16.0, bb16.4, bb17.3, bb17.term, bb20.0, bb4.term, bb5.0, bb6.term, bb9.term}
bb21.term -> {bb1.4, bb1.term, bb10.term, bb11.term, bb14.term, bb16.0, bb16.4, bb17.3, bb17.term, bb20.term, bb4.term, bb5.0, bb6.term, bb9.term}
bb22.0 -> {bb21.term}
bb23.0 -> {bb15.term}
bb23.1 -> {bb10.term, bb15.term, bb5.12, bb6.term}
bb23.2 -> {bb1.9, bb1.10, bb23.1}
bb23.4 -> {bb23.2, bb23.3}
bb23.5 -> {bb23.4}
bb23.6 -> {bb1.term, bb10.term, bb11.term, bb15.term, bb4.term, bb6.term, bb9.term}
bb23.7 -> {bb23.5, bb23.6}
bb23.term -> {bb23.7}
bb24.term -> {bb1.term, bb10.term, bb11.term, bb15.term, bb23.6, bb24.0, bb25.9, bb25.term, bb26.term, bb28.term, bb31.term, bb32.term, bb33.1, bb4.term, bb6.term, bb9.term}
bb25.0 -> {bb10.term, bb15.term, bb5.13, bb6.term}
bb25.1 -> {bb25.0}
bb25.3 -> {bb25.1, bb25.2}
bb25.4 -> {bb1.9, bb1.10, bb25.3}
bb25.5 -> {bb1.6, bb10.term, bb15.3, bb15.term, bb23.0, bb25.4, bb6.term}
bb25.6 -> {bb1.4, bb25.5}
bb25.7 -> {bb1.6, bb10.term, bb15.3, bb15.term, bb23.0, bb25.6, bb6.term}
bb25.8 -> {bb25.7}
bb25.9 -> {bb1.term, bb10.term, bb11.term, bb15.term, bb23.6, bb4.term, bb6.term, bb9.term}
bb25.10 -> {bb1.2, bb25.9}
bb25.11 -> {bb1.9, bb1.10, bb25.10}
bb25.12 -> {bb10.term, bb15.term, bb25.11, bb6.term}
bb25.13 -> {bb1.6, bb10.term, bb15.3, bb15.term, bb23.0, bb25.8, bb25.12, bb6.term}
bb25.term -> {bb1.term, bb10.term, bb11.term, bb15.term, bb23.6, bb25.9, bb25.13, bb4.term, bb6.term, bb9.term}
bb26.0 -> {bb1.10}
bb26.term -> {bb1.6, bb1.term, bb10.term, bb11.term, bb15.term, bb23.6, bb26.0, bb4.term, bb6.term, bb9.term}
bb27.0 -> {bb1.5, bb25.term}
bb27.1 -> {bb15.3, bb15.term, bb27.0}
bb28.term -> {bb1.6, bb1.9, bb1.term, bb10.term, bb11.term, bb15.3, bb15.term, bb23.6, bb25.8, bb25.9, bb25.term, bb27.0, bb27.1, bb4.term, bb6.term, bb9.term}
bb31.0 -> {bb28.term, bb29.0, bb30.0}
bb31.term -> {bb1.term, bb10.term, bb11.term, bb15.term, bb23.6, bb25.9, bb25.term, bb28.term, bb31.0, bb4.term, bb6.term, bb9.term}
bb32.term -> {bb1.term, bb10.term, bb11.term, bb15.term, bb23.6, bb25.9, bb25.term, bb28.term, bb31.term, bb4.term, bb6.term, bb9.2, bb9.term}
bb33.0 -> {bb1.10, bb32.term}
bb33.1 -> {bb1.term, bb10.term, bb11.term, bb15.term, bb23.6, bb25.9, bb25.term, bb28.term, bb31.term, bb32.term, bb4.term, bb6.term, bb9.term}
bb33.2 -> {bb33.1}
bb34.0 -> {bb26.term}
bb34.2 -> {bb34.1, bb5.12}
bb35.0 -> {bb1.6, bb1.8, bb10.term, bb15.3, bb15.term, bb23.0, bb25.8, bb26.0, bb27.0, bb28.term, bb33.0, bb33.2, bb34.0, bb6.term}
bb35.1 -> {bb35.0}
bb36.0 -> {bb1.6, bb10.term, bb15.term, bb16.4, bb17.3, bb17.term, bb20.term, bb21.term, bb26.0, bb27.0, bb28.term, bb33.0, bb5.12, bb6.term}
bb36.1 -> {bb1.9, bb1.10, bb17.4, bb34.2, bb36.0}
bb36.2 -> {bb1.6, bb10.term, bb15.term, bb16.0, bb16.4, bb17.3, bb17.term, bb20.term, bb21.term, bb22.0, bb23.0, bb25.8, bb26.0, bb27.0, bb28.term, bb33.0, bb33.2, bb35.1, bb36.1, bb5.0, bb6.term}
bb36.4 -> {bb36.2, bb36.3}
bb36.term -> {bb1.term, bb10.term, bb11.term, bb13.term, bb14.term, bb15.term, bb17.term, bb20.term, bb21.term, bb23.6, bb24.term, bb25.9, bb25.term, bb26.term, bb28.term, bb31.term, bb32.term, bb33.1, bb36.4, bb4.term, bb6.term, bb9.term}
bb37.0 -> {bb36.term}
bb38.term -> {bb38.0}
bb39.2 -> {bb1.9, bb1.10, bb17.4, bb34.2, bb39.1, bb45.1}
bb39.3 -> {bb39.0, bb39.2}
bb39.term -> {bb1.term, bb10.term, bb11.term, bb13.term, bb14.term, bb15.term, bb17.term, bb20.term, bb21.term, bb23.6, bb24.term, bb25.9, bb25.term, bb26.term, bb28.term, bb31.term, bb32.term, bb33.1, bb36.term, bb39.3, bb39.term, bb4.term, bb41.8, bb41.term, bb44.0, bb44.term, bb45.term, bb46.term, bb47.term, bb48.1, bb48.term, bb6.term, bb9.term}
bb4.term -> {bb1.term}
bb40.term -> {bb1.term, bb10.term, bb11.term, bb13.term, bb14.term, bb15.term, bb17.term, bb20.term, bb21.term, bb23.6, bb24.term, bb25.9, bb25.term, bb26.term, bb28.term, bb31.term, bb32.term, bb33.1, bb36.term, bb39.term, bb4.term, bb41.8, bb41.term, bb44.0, bb44.term, bb45.term, bb46.term, bb47.term, bb48.1, bb48.term, bb6.term, bb9.term}
bb41.0 -> {bb39.term}
bb41.1 -> {bb1.8}
bb41.2 -> {bb1.6, bb10.term, bb15.term, bb16.0, bb16.4, bb17.3, bb17.term, bb20.term, bb21.term, bb23.0, bb25.8, bb26.0, bb27.0, bb28.term, bb33.0, bb33.2, bb37.0, bb41.0, bb41.1, bb45.0, bb45.term, bb46.0, bb48.1, bb5.0, bb6.term}
bb41.3 -> {bb37.0, bb41.2, bb45.term, bb48.1}
bb41.4 -> {bb41.3}
bb41.5 -> {bb1.6, bb1.9, bb10.term, bb15.term, bb16.0, bb16.4, bb17.3, bb17.term, bb20.term, bb21.term, bb23.0, bb25.8, bb26.0, bb27.0, bb28.term, bb33.0, bb33.2, bb34.2, bb37.0, bb41.4, bb45.0, bb45.term, bb46.0, bb48.1, bb5.0, bb6.term}
bb41.6 -> {bb1.5, bb41.5}
bb41.7 -> {bb1.6, bb10.term, bb15.term, bb16.0, bb16.4, bb17.3, bb17.term, bb20.term, bb21.term, bb23.0, bb25.8, bb26.0, bb27.0, bb28.term, bb33.0, bb33.2, bb37.0, bb41.4, bb41.6, bb45.0, bb45.term, bb46.0, bb48.1, bb5.0, bb6.term}
bb41.8 -> {bb1.term, bb10.term, bb11.term, bb13.term, bb14.term, bb15.term, bb17.term, bb20.term, bb21.term, bb23.6, bb24.term, bb25.9, bb25.term, bb26.term, bb28.term, bb31.term, bb32.term, bb33.1, bb36.term, bb39.term, bb4.term, bb41.8, bb41.term, bb44.0, bb44.term, bb45.term, bb46.term, bb47.term, bb48.1, bb48.term, bb6.term, bb9.term}
bb41.9 -> {bb41.8}
bb41.10 -> {bb1.term, bb10.term, bb11.term, bb13.term, bb14.term, bb15.term, bb17.term, bb20.term, bb21.term, bb23.6, bb24.term, bb25.9, bb25.term, bb26.term, bb28.term, bb31.term, bb32.term, bb33.1, bb36.term, bb39.term, bb4.term, bb41.8, bb41.9, bb41.term, bb44.0, bb44.term, bb45.term, bb46.term, bb47.term, bb48.1, bb48.term, bb6.term, bb9.term}
bb41.term -> {bb1.term, bb10.term, bb11.term, bb13.term, bb14.term, bb15.term, bb17.term, bb20.term, bb21.term, bb23.6, bb24.term, bb25.9, bb25.term, bb26.term, bb28.term, bb31.term, bb32.term, bb33.1, bb36.term, bb39.term, bb4.term, bb41.7, bb41.8, bb41.10, bb41.term, bb44.0, bb44.term, bb45.term, bb46.term, bb47.term, bb48.1, bb48.term, bb6.term, bb9.term}
bb42.0 -> {bb41.term}
bb42.term -> {bb42.0}
bb44.0 -> {bb1.term, bb10.term, bb11.term, bb13.term, bb14.term, bb15.term, bb17.term, bb20.term, bb21.term, bb23.6, bb24.term, bb25.9, bb25.term, bb26.term, bb28.term, bb31.term, bb32.term, bb33.1, bb36.term, bb39.term, bb4.term, bb41.8, bb41.term, bb44.0, bb44.term, bb45.term, bb46.term, bb47.term, bb48.1, bb48.term, bb6.term, bb9.term}
bb44.1 -> {bb44.0}
bb44.term -> {bb1.term, bb10.term, bb11.term, bb13.term, bb14.term, bb15.term, bb17.term, bb20.term, bb21.term, bb23.6, bb24.term, bb25.9, bb25.term, bb26.term, bb28.term, bb31.term, bb32.term, bb33.1, bb36.term, bb39.term, bb4.term, bb41.8, bb41.term, bb44.0, bb44.term, bb45.term, bb46.term, bb47.term, bb48.1, bb48.term, bb6.term, bb9.term}
bb45.0 -> {bb10.term, bb16.0, bb17.3, bb17.term, bb20.term, bb21.term, bb23.0, bb26.0, bb33.2, bb45.0, bb45.term, bb48.1, bb5.0, bb6.term}
bb45.1 -> {bb1.5}
bb45.3 -> {bb1.9, bb34.2, bb45.1, bb45.2}
bb45.term -> {bb1.6, bb1.term, bb10.term, bb11.term, bb13.term, bb14.term, bb15.term, bb16.0, bb16.4, bb17.3, bb17.term, bb20.term, bb21.term, bb23.6, bb24.term, bb25.8, bb25.9, bb25.term, bb26.0, bb26.term, bb27.0, bb28.term, bb31.term, bb32.term, bb33.0, bb33.1, bb36.term, bb37.0, bb39.term, bb4.term, bb41.4, bb41.8, bb41.term, bb44.0, bb44.term, bb45.0, bb45.3, bb45.term, bb46.0, bb46.term, bb47.term, bb48.1, bb48.term, bb6.term, bb9.term}
bb46.0 -> {bb1.6, bb10.term, bb15.term, bb16.4, bb17.3, bb17.term, bb20.term, bb21.term, bb26.0, bb27.0, bb28.term, bb33.0, bb45.term, bb48.1, bb6.term}
bb46.term -> {bb1.term, bb10.term, bb11.term, bb13.term, bb14.term, bb15.term, bb17.term, bb20.term, bb21.term, bb23.6, bb24.term, bb25.9, bb25.term, bb26.term, bb28.term, bb31.term, bb32.term, bb33.1, bb36.term, bb39.term, bb4.term, bb41.8, bb41.term, bb44.0, bb44.term, bb45.term, bb46.term, bb47.term, bb48.1, bb48.term, bb6.term, bb9.term}
bb47.1 -> {bb9.4}
bb47.2 -> {bb1.term, bb10.term, bb11.term, bb13.term, bb14.term, bb15.term, bb17.term, bb20.term, bb21.term, bb23.6, bb24.term, bb25.9, bb25.term, bb26.term, bb28.term, bb31.term, bb32.term, bb33.1, bb36.term, bb39.term, bb4.term, bb41.8, bb41.term, bb44.0, bb44.term, bb45.term, bb46.term, bb47.1, bb47.term, bb48.1, bb48.term, bb6.term, bb9.term}
bb47.term -> {bb1.term, bb10.term, bb11.term, bb13.term, bb14.term, bb15.term, bb17.term, bb20.term, bb21.term, bb23.6, bb24.term, bb25.9, bb25.term, bb26.term, bb28.term, bb31.term, bb32.term, bb33.1, bb36.term, bb39.term, bb4.term, bb41.8, bb41.term, bb44.0, bb44.term, bb45.term, bb46.term, bb47.2, bb47.term, bb48.1, bb48.term, bb6.term, bb9.term}
bb48.0 -> {bb47.0, bb47.term}
bb48.1 -> {bb1.5, bb1.6, bb1.term, bb10.term, bb11.term, bb13.term, bb14.term, bb15.term, bb16.0, bb16.4, bb17.3, bb17.term, bb20.term, bb21.term, bb23.0, bb23.6, bb24.term, bb25.9, bb25.term, bb26.0, bb26.term, bb27.0, bb28.term, bb31.term, bb32.term, bb33.0, bb33.1, bb33.2, bb36.term, bb37.0, bb39.term, bb4.term, bb41.8, bb41.term, bb44.0, bb44.1, bb44.term, bb45.0, bb45.term, bb46.0, bb46.term, bb47.term, bb48.1, bb48.term, bb5.0, bb6.term, bb9.term}
bb48.2 -> {bb48.1}
bb48.term -> {bb1.term, bb10.term, bb11.term, bb13.term, bb14.term, bb15.term, bb17.term, bb20.term, bb21.term, bb23.6, bb24.term, bb25.9, bb25.term, bb26.term, bb28.term, bb31.term, bb32.term, bb33.1, bb36.term, bb39.term, bb4.term, bb41.8, bb41.term, bb44.0, bb44.term, bb45.term, bb46.term, bb47.term, bb48.1, bb48.2, bb48.term, bb6.term, bb9.term}
bb49.0 -> {bb48.0, bb48.term}
bb49.1 -> {bb49.0}
bb5.0 -> {bb4.term}
bb5.2 -> {bb5.1}
bb5.3 -> {bb1.2, bb1.9, bb1.10}
bb5.4 -> {bb1.6, bb5.0, bb5.3}
bb5.5 -> {bb5.2, bb5.4}
bb5.6 -> {bb5.5}
bb5.7 -> {bb5.0}
bb5.8 -> {bb1.10, bb5.7}
bb5.9 -> {bb1.6, bb5.0, bb5.8}
bb5.10 -> {bb5.6, bb5.9}
bb5.11 -> {bb5.10}
bb5.12 -> {bb5.11}
bb5.15 -> {bb5.14}
bb5.16 -> {bb1.6, bb1.10, bb5.0}
bb5.term -> {bb5.16}
bb51.0 -> {bb40.term, bb9.5}
bb51.1 -> {bb51.0}
bb51.term -> {bb1.term, bb10.term, bb11.term, bb13.term, bb14.term, bb15.term, bb17.term, bb20.term, bb21.term, bb23.6, bb24.term, bb25.9, bb25.term, bb26.term, bb28.term, bb31.term, bb32.term, bb33.1, bb36.term, bb39.term, bb4.term, bb40.term, bb41.8, bb41.term, bb44.0, bb44.term, bb45.term, bb46.term, bb47.term, bb48.1, bb48.term, bb51.2, bb6.term, bb9.term}
bb52.0 -> {bb51.1, bb51.term}
bb52.1 -> {bb52.0}
bb52.2 -> {bb52.1}
bb52.3 -> {bb1.9, bb1.10, bb17.4, bb34.2, bb45.1, bb52.2}
bb52.4 -> {bb1.2, bb1.9, bb1.10, bb17.4, bb34.2, bb45.1}
bb52.5 -> {bb1.6, bb1.term, bb10.term, bb11.term, bb13.term, bb14.term, bb15.term, bb16.0, bb16.4, bb17.3, bb17.term, bb20.term, bb21.term, bb22.0, bb23.0, bb23.6, bb24.term, bb25.8, bb25.9, bb25.term, bb26.0, bb26.term, bb27.0, bb28.term, bb31.term, bb32.term, bb33.0, bb33.1, bb33.2, bb36.term, bb37.0, bb39.term, bb4.term, bb40.term, bb41.4, bb41.8, bb41.term, bb44.0, bb44.term, bb45.0, bb45.term, bb46.0, bb46.term, bb47.term, bb48.1, bb48.term, bb49.1, bb5.0, bb51.term, bb52.4, bb6.term, bb9.term}
bb52.6 -> {bb52.3, bb52.5}
bb52.7 -> {bb1.6, bb10.term, bb15.term, bb16.0, bb16.4, bb17.3, bb17.term, bb20.term, bb21.term, bb22.0, bb23.0, bb25.8, bb26.0, bb27.0, bb28.term, bb33.0, bb33.2, bb37.0, bb41.4, bb45.0, bb45.term, bb46.0, bb48.1, bb49.1, bb5.0, bb52.5, bb52.6, bb6.term}
bb52.term -> {bb52.7}
bb6.1 -> {bb5.15, bb6.0}
bb6.2 -> {bb6.1}
bb6.term -> {bb1.6, bb1.8, bb1.term, bb4.term, bb5.0}
bb9.0 -> {bb10.term, bb6.2}
bb9.1 -> {bb1.term, bb10.term, bb4.term, bb6.term, bb9.0}
bb9.2 -> {bb9.1}
bb9.6 -> {bb1.term, bb10.term, bb4.term, bb6.term}
bb9.term -> {bb1.term, bb10.term, bb4.term, bb6.term, bb9.6}
entry.1 -> {entry.0}
entry.2 -> {entry.1}
entry.term -> {entry.2}
