bb1.0 -> {bb2.0, bb3.0}
bb1.1 -> {bb1.0}
bb1.term -> {bb1.1}
bb10.1 -> {bb10.0}
bb10.term -> {bb10.1}
bb11.term -> {bb12.0, bb13.0}
bb4.1 -> {bb4.0}
bb4.2 -> {bb4.1}
bb4.term -> {bb4.2}
bb6.0 -> {bb4.1, bb7.0}
bb6.1 -> {bb1.0, bb5.0, bb6.0}
bb6.2 -> {bb6.1}
bb6.4 -> {bb6.3}
bb6.5 -> {bb6.2}
bb8.term -> {bb9.8}
bb9.2 -> {bb9.0, bb9.1}
bb9.3 -> {bb6.2, bb9.2, bb9.6}
bb9.4 -> {bb9.3}
bb9.6 -> {bb9.5}
bb9.8 -> {bb9.7}
