entry.2 -> {entry.1}
entry.5 -> {entry.3, entry.4}
entry.6 -> {entry.2, entry.5}
entry.7 -> {entry.6}
entry.8 -> {entry.7}
entry.term -> {entry.8}
