bb1.0 -> {bb2.0, entry.4}
bb1.1 -> {bb1.0}
bb1.3 -> {bb1.1, bb1.2}
bb1.4 -> {bb1.3}
bb1.5 -> {bb1.4}
bb1.7 -> {bb1.6}
bb1.8 -> {bb1.1, bb1.7}
bb1.9 -> {bb1.8}
bb1.10 -> {bb1.5, bb1.9}
bb1.11 -> {bb1.10}
bb1.12 -> {bb1.11}
bb1.13 -> {bb1.12}
bb1.15 -> {bb1.14}
bb1.16 -> {bb1.15}
bb1.18 -> {bb1.17}
bb1.20 -> {bb1.19}
bb1.21 -> {bb1.1, bb1.13, bb1.20}
bb1.term -> {bb1.21}
bb10.1 -> {bb10.0, bb9.2}
bb10.3 -> {bb1.16, bb10.2}
bb10.4 -> {bb10.1, bb10.3}
bb10.5 -> {bb1.1, bb1.13, bb10.4, bb3.0, bb7.6, bb9.0}
bb10.7 -> {bb10.5, bb10.6}
bb10.8 -> {bb10.7}
bb11.0 -> {bb12.0, bb13.0}
bb11.1 -> {bb11.0}
bb11.term -> {bb11.1}
bb14.term -> {bb11.0, bb15.1}
bb15.1 -> {bb15.0}
bb16.0 -> {bb1.1, bb19.2, bb22.4, bb25.10, bb30.2, bb37.11, bb38.9, bb43.4, bb43.13, bb7.6, bb8.2}
bb16.1 -> {bb16.0, bb25.14, bb25.15, bb33.2, bb38.3, bb47.4, bb9.2}
bb16.2 -> {bb1.1, bb16.1, bb18.0, bb19.0, bb19.2, bb19.4, bb22.4, bb25.0, bb25.2, bb25.4, bb25.10, bb3.0, bb30.2, bb33.1, bb37.2, bb37.11, bb38.7, bb38.9, bb43.4, bb43.9, bb43.11, bb43.13, bb7.6, bb8.2, bb8.3}
bb16.3 -> {bb16.2}
bb16.4 -> {bb3.1}
bb16.5 -> {bb16.4, bb25.14, bb25.15, bb33.2, bb38.3, bb47.4, bb9.2}
bb16.6 -> {bb16.5, bb19.3, bb43.10}
bb16.8 -> {bb1.1, bb16.3, bb16.7, bb18.0, bb19.2, bb19.4, bb22.4, bb25.0, bb25.2, bb25.10, bb3.0, bb30.2, bb33.1, bb37.2, bb37.11, bb38.7, bb38.9, bb43.4, bb43.9, bb43.13, bb7.6, bb8.2}
bb16.9 -> {bb16.8}
bb16.10 -> {bb1.1, bb16.9, bb19.2, bb22.4, bb25.10, bb30.2, bb37.11, bb38.9, bb43.4, bb43.13, bb7.6, bb8.2}
bb16.11 -> {bb16.6, bb16.10}
bb16.term -> {bb16.11}
bb17.0 -> {bb1.18, bb3.1}
bb17.1 -> {bb17.0}
bb17.term -> {bb7.6, bb8.2}
bb18.0 -> {bb3.0, bb7.6, bb8.2}
bb18.3 -> {bb1.15, bb18.2}
bb18.4 -> {bb18.3, bb7.6, bb8.2}
bb18.5 -> {bb18.1, bb18.4}
bb18.term -> {bb18.5}
bb19.0 -> {bb20.0, bb21.0}
bb19.2 -> {bb1.15, bb19.1}
bb19.3 -> {bb1.15}
bb19.4 -> {bb19.2, bb3.0, bb7.6, bb8.2}
bb22.0 -> {bb25.2, bb7.6, bb8.2}
bb22.1 -> {bb3.1}
bb22.2 -> {bb22.1, bb25.14, bb25.15, bb33.2, bb9.2}
bb22.3 -> {bb1.16, bb22.2}
bb22.4 -> {bb22.0, bb22.3}
bb23.0 -> {bb18.0}
bb23.1 -> {bb23.0}
bb23.term -> {bb23.1}
bb24.term -> {bb24.0}
bb25.0 -> {bb23.0, bb26.4}
bb25.1 -> {bb1.16}
bb25.2 -> {bb25.1}
bb25.4 -> {bb18.0}
bb25.6 -> {bb25.0, bb25.5}
bb25.7 -> {bb25.6}
bb25.8 -> {bb25.7}
bb25.9 -> {bb25.8}
bb25.10 -> {bb25.9}
bb25.12 -> {bb25.11}
bb25.13 -> {bb1.18, bb25.12}
bb25.14 -> {bb1.15, bb25.13}
bb25.15 -> {bb1.15}
bb26.0 -> {bb1.1, bb18.0, bb7.6, bb8.2, bb8.3, bb9.2}
bb26.1 -> {bb26.0}
bb26.2 -> {bb1.1, bb18.0, bb26.1, bb7.6, bb8.2, bb8.3}
bb26.3 -> {bb18.0, bb26.2}
bb26.4 -> {bb26.3}
bb27.term -> {bb28.0, bb29.0}
bb3.0 -> {bb4.0, bb5.0}
bb30.0 -> {bb31.0, bb32.0}
bb30.1 -> {bb1.15, bb18.0, bb30.0, bb7.6, bb8.2, bb8.3}
bb30.2 -> {bb30.1}
bb30.4 -> {bb30.3}
bb30.term -> {bb7.6, bb8.2}
bb33.0 -> {bb34.0, bb35.0}
bb33.1 -> {bb33.0}
bb36.0 -> {bb22.4, bb25.2, bb37.11, bb38.7, bb43.4, bb43.13, bb7.6, bb8.2}
bb36.1 -> {bb36.0}
bb36.term -> {bb36.1}
bb37.1 -> {bb1.16, bb37.0}
bb37.2 -> {bb37.1}
bb37.3 -> {bb1.15, bb22.4, bb25.10, bb30.2}
bb37.4 -> {bb22.4, bb25.0, bb25.2, bb25.4, bb25.10, bb30.2, bb33.1, bb37.2, bb37.3, bb7.6, bb8.2, bb8.3}
bb37.5 -> {bb37.4}
bb37.6 -> {bb25.14, bb25.15, bb33.2, bb37.5, bb9.2}
bb37.7 -> {bb1.15, bb22.4, bb25.0, bb33.1}
bb37.8 -> {bb22.4, bb25.0, bb25.2, bb25.4, bb25.10, bb30.2, bb33.1, bb37.2, bb37.7, bb7.6, bb8.2, bb8.3}
bb37.9 -> {bb22.4, bb25.0, bb25.2, bb25.4, bb25.10, bb30.2, bb30.4, bb33.1, bb37.2, bb7.6, bb8.2, bb8.3}
bb37.10 -> {bb37.8, bb37.9}
bb37.11 -> {bb37.6, bb37.10}
bb37.13 -> {bb37.12}
bb37.14 -> {bb37.13}
bb37.term -> {bb37.14}
bb38.1 -> {bb18.0, bb22.4, bb25.0, bb25.2, bb25.4, bb25.10, bb30.2, bb33.1, bb38.0, bb7.6, bb8.2, bb8.3}
bb38.2 -> {bb38.1}
bb38.4 -> {bb22.4, bb25.0, bb33.1}
bb38.5 -> {bb38.4}
bb38.6 -> {bb38.3}
bb38.7 -> {bb38.6}
bb38.8 -> {bb1.18}
bb38.9 -> {bb38.8}
bb39.0 -> {bb22.4, bb25.4, bb37.11, bb8.3}
bb39.1 -> {bb39.0}
bb39.term -> {bb39.1}
bb40.0 -> {bb22.4, bb25.2, bb37.11, bb7.6, bb8.2}
bb41.0 -> {bb39.0, bb42.1}
bb41.1 -> {bb41.0}
bb41.term -> {bb41.1}
bb42.1 -> {bb42.0}
bb43.0 -> {bb37.13, bb40.0}
bb43.1 -> {bb22.4, bb25.0, bb25.2, bb25.4, bb25.10, bb30.2, bb30.4, bb33.1, bb37.2, bb37.11, bb7.6, bb8.2, bb8.3}
bb43.2 -> {bb41.0, bb43.1, bb44.2}
bb43.3 -> {bb43.2}
bb43.4 -> {bb43.0, bb43.3}
bb43.6 -> {bb43.5}
bb43.7 -> {bb1.16, bb22.4, bb25.0, bb25.2, bb25.4, bb25.10, bb30.2, bb33.1, bb37.2, bb37.11, bb43.4, bb7.6, bb8.2, bb8.3}
bb43.8 -> {bb43.6, bb43.7}
bb43.9 -> {bb43.8}
bb43.10 -> {bb25.15, bb33.2}
bb43.11 -> {bb22.4, bb25.2, bb37.11, bb43.4, bb7.6, bb8.2}
bb43.13 -> {bb43.10, bb43.12}
bb44.0 -> {bb22.4, bb25.4, bb37.11, bb8.3}
bb44.1 -> {bb22.4, bb25.0, bb25.2, bb25.4, bb25.10, bb30.2, bb33.1, bb37.2, bb37.11, bb44.0, bb7.6, bb8.2, bb8.3}
bb44.2 -> {bb44.1}
bb45.term -> {bb36.0, bb46.0}
bb47.0 -> {bb3.2}
bb47.1 -> {bb1.18, bb47.0}
bb47.2 -> {bb47.1, bb48.0, bb49.0}
bb47.4 -> {bb47.2, bb47.3}
bb6.0 -> {bb1.1, bb1.13, bb3.0, bb7.6, bb9.0, bb9.2}
bb6.term -> {bb6.0}
bb7.0 -> {bb1.1, bb7.6, entry.0}
bb7.1 -> {bb1.18, bb7.0}
bb7.2 -> {bb7.1, bb9.2}
bb7.3 -> {bb1.13, bb9.0}
bb7.4 -> {bb1.16, bb7.3}
bb7.5 -> {bb1.1, bb1.13, bb3.0, bb7.4, bb7.6, bb9.0}
bb7.6 -> {bb7.2, bb7.5}
bb7.8 -> {bb1.18, bb7.7}
bb7.9 -> {bb7.8, bb9.2}
bb7.11 -> {bb7.9, bb7.10}
bb7.12 -> {bb7.11}
bb7.13 -> {bb7.12}
bb7.term -> {bb7.13}
bb8.1 -> {bb8.0, bb9.2}
bb8.2 -> {bb3.0, bb7.6, bb8.1}
bb8.3 -> {bb1.13, bb8.2, bb9.0}
bb8.4 -> {bb8.3}
bb8.5 -> {bb1.1, bb3.0, bb7.6, bb8.2, bb8.3, bb8.4}
bb8.6 -> {bb8.5}
bb8.term -> {bb8.6}
bb9.0 -> {bb10.8, bb7.12}
bb9.1 -> {bb1.18}
bb9.2 -> {bb9.1, bb9.2}
entry.2 -> {entry.1}
entry.3 -> {entry.2}
entry.4 -> {entry.3}
entry.5 -> {entry.4}
entry.term -> {entry.5}
