bb1 -> {}
bb10 -> {bb9}
bb11 -> {bb9}
bb12 -> {bb9}
bb13 -> {bb9}
bb14 -> {bb9}
bb15 -> {exit}
bb16 -> {exit}
bb17 -> {exit}
bb18 -> {bb19}
bb19 -> {exit}
bb2 -> {}
bb20 -> {bb19}
bb21 -> {bb20}
bb22 -> {bb20}
bb23 -> {bb20}
bb24 -> {bb20}
bb25 -> {bb24}
bb26 -> {bb24}
bb27 -> {bb20}
bb28 -> {bb28, exit}
bb29 -> {bb28}
bb3 -> {exit}
bb30 -> {exit}
bb31 -> {bb28}
bb32 -> {bb28}
bb33 -> {bb32}
bb34 -> {bb32}
bb4 -> {exit}
bb5 -> {exit}
bb6 -> {exit}
bb7 -> {bb6}
bb8 -> {exit}
bb9 -> {exit}
entry -> {}
exit -> {}

