bb1 -> {}
bb10 -> {bb9}
bb11 -> {bb9}
bb12 -> {bb11}
bb13 -> {bb11}
bb14 -> {bb9}
bb15 -> {bb14}
bb16 -> {bb14}
bb17 -> {bb9}
bb18 -> {bb17}
bb19 -> {bb17}
bb2 -> {bb1}
bb20 -> {bb9}
bb21 -> {bb20}
bb22 -> {bb20}
bb23 -> {bb3}
bb24 -> {bb23}
bb25 -> {bb23}
bb26 -> {bb26, bb3}
bb27 -> {bb26}
bb28 -> {bb3}
bb3 -> {}
bb4 -> {bb3}
bb5 -> {bb3}
bb6 -> {bb3}
bb7 -> {bb6}
bb8 -> {bb6}
bb9 -> {bb3}
entry -> {}

