bb1 -> {}
bb10 -> {exit}
bb11 -> {bb3}
bb12 -> {exit}
bb13 -> {bb12}
bb14 -> {bb12}
bb15 -> {bb15, bb3}
bb16 -> {bb15}
bb17 -> {bb3}
bb18 -> {bb15}
bb19 -> {bb18}
bb2 -> {bb1}
bb20 -> {exit}
bb21 -> {bb20}
bb22 -> {bb20}
bb23 -> {exit}
bb24 -> {bb23}
bb25 -> {bb23}
bb26 -> {bb23}
bb27 -> {bb26}
bb28 -> {bb26}
bb29 -> {bb23}
bb3 -> {exit}
bb30 -> {bb29}
bb31 -> {bb23}
bb32 -> {bb31}
bb33 -> {bb31}
bb34 -> {bb23}
bb35 -> {bb34}
bb36 -> {bb23}
bb37 -> {bb36}
bb38 -> {bb36}
bb39 -> {exit}
bb4 -> {bb3, exit}
bb40 -> {bb39}
bb5 -> {bb3}
bb6 -> {bb3, exit}
bb7 -> {bb6}
bb8 -> {bb6}
bb9 -> {bb3}
entry -> {}
exit -> {}

