bb1 -> {bb1}
bb10 -> {bb4}
bb11 -> {bb10}
bb12 -> {bb10}
bb13 -> {bb4}
bb14 -> {bb13}
bb15 -> {bb13}
bb16 -> {bb4}
bb17 -> {bb16}
bb18 -> {bb16}
bb19 -> {bb1, bb19}
bb2 -> {bb1}
bb20 -> {bb19}
bb21 -> {bb1}
bb22 -> {bb19}
bb23 -> {bb22}
bb24 -> {bb22}
bb25 -> {bb19}
bb26 -> {bb25}
bb27 -> {bb25}
bb28 -> {bb1, bb28}
bb29 -> {bb28}
bb3 -> {}
bb30 -> {bb1}
bb31 -> {bb28}
bb32 -> {bb31}
bb33 -> {bb31}
bb34 -> {bb28}
bb35 -> {bb34}
bb36 -> {bb34}
bb37 -> {}
bb38 -> {bb37}
bb39 -> {bb37}
bb4 -> {bb1}
bb40 -> {bb37}
bb41 -> {bb40}
bb42 -> {bb40}
bb43 -> {bb37}
bb44 -> {bb43}
bb45 -> {bb43}
bb46 -> {bb37}
bb47 -> {bb46}
bb48 -> {bb46}
bb5 -> {bb4}
bb6 -> {bb4}
bb7 -> {bb4}
bb8 -> {bb7}
bb9 -> {bb7}
entry -> {}

