bb1 -> {}
bb10 -> {bb1}
bb11 -> {bb10}
bb12 -> {bb10}
bb13 -> {bb10}
bb14 -> {bb13}
bb15 -> {bb13}
bb16 -> {bb10}
bb17 -> {bb16}
bb18 -> {bb16}
bb19 -> {bb10}
bb2 -> {bb1}
bb20 -> {bb19}
bb21 -> {bb19}
bb22 -> {bb10}
bb23 -> {bb22}
bb24 -> {bb22}
bb25 -> {bb1, bb25}
bb26 -> {bb25}
bb27 -> {bb1}
bb28 -> {bb25}
bb29 -> {bb28}
bb3 -> {bb1}
bb30 -> {bb28}
bb4 -> {bb1}
bb5 -> {bb4}
bb6 -> {bb4}
bb7 -> {bb4}
bb8 -> {bb7}
bb9 -> {bb7}
entry -> {}

