bb1 -> {}
bb10 -> {}
bb11 -> {}
bb12 -> {bb11}
bb13 -> {bb11}
bb2 -> {bb1}
bb3 -> {bb1}
bb4 -> {}
bb5 -> {bb4}
bb6 -> {}
bb7 -> {bb6}
bb8 -> {bb8}
bb9 -> {bb8}
entry -> {}

