bb1 -> {}
bb10 -> {bb9}
bb11 -> {}
bb12 -> {bb11}
bb13 -> {bb11}
bb14 -> {}
bb15 -> {bb14}
bb16 -> {}
bb17 -> {bb16}
bb18 -> {bb16}
bb19 -> {bb16}
bb2 -> {bb1}
bb20 -> {bb19}
bb21 -> {bb19}
bb22 -> {bb16}
bb23 -> {bb22}
bb24 -> {bb22}
bb25 -> {bb22}
bb26 -> {bb25}
bb27 -> {bb22}
bb28 -> {bb27}
bb29 -> {bb27}
bb3 -> {}
bb30 -> {bb22}
bb31 -> {bb30}
bb32 -> {bb30}
bb33 -> {bb22}
bb34 -> {bb33}
bb35 -> {bb33}
bb36 -> {bb16}
bb37 -> {bb36}
bb38 -> {bb36}
bb39 -> {bb36}
bb4 -> {bb3}
bb40 -> {bb39}
bb41 -> {bb36}
bb42 -> {bb41}
bb43 -> {bb36}
bb44 -> {bb43}
bb45 -> {bb16}
bb46 -> {bb45}
bb47 -> {bb16}
bb48 -> {bb47}
bb49 -> {bb47}
bb5 -> {bb3}
bb6 -> {bb6}
bb7 -> {bb6}
bb8 -> {}
bb9 -> {bb6}
entry -> {}

