bb1 -> {}
bb10 -> {bb8}
bb11 -> {bb4}
bb12 -> {bb4}
bb13 -> {bb4}
bb14 -> {bb4}
bb15 -> {bb14}
bb16 -> {bb14}
bb17 -> {}
bb2 -> {bb1}
bb3 -> {bb1}
bb4 -> {bb4}
bb5 -> {bb4}
bb6 -> {}
bb7 -> {bb4}
bb8 -> {bb4}
bb9 -> {bb8}
entry -> {}

