bb1 -> {bb1}
bb10 -> {bb7}
bb11 -> {bb10}
bb12 -> {}
bb13 -> {bb12}
bb14 -> {bb12}
bb2 -> {bb1}
bb3 -> {}
bb4 -> {bb1}
bb5 -> {bb4}
bb6 -> {bb4}
bb7 -> {bb1}
bb8 -> {bb7}
bb9 -> {bb7}
entry -> {}

