bb1.0 -> {entry.term}
bb1.2 -> {bb1.1}
bb1.3 -> {bb1.2}
bb1.4 -> {entry.term}
bb1.6 -> {bb1.5}
bb1.8 -> {bb1.7}
bb1.9 -> {bb1.8}
bb1.10 -> {bb1.9}
bb1.12 -> {bb1.11}
bb1.13 -> {entry.8}
bb1.15 -> {bb1.14}
bb1.term -> {bb1.0, entry.7, entry.term}
bb10.1 -> {bb10.0}
bb10.2 -> {bb1.2}
bb10.3 -> {bb1.6, bb1.term, bb6.term, entry.term}
bb10.4 -> {bb1.term, bb10.1, bb10.3, bb2.0, bb2.8, bb2.10, bb6.0, bb6.term, entry.term}
bb10.5 -> {bb1.term, bb10.1, bb10.4, bb2.0, bb2.8, bb2.10, bb6.0, bb6.term, entry.term}
bb10.6 -> {bb10.5}
bb10.7 -> {bb1.term, bb10.1, bb10.4, bb10.5, bb10.6, bb2.0, bb2.8, bb2.10, bb6.0, bb6.term, entry.term}
bb10.8 -> {bb10.7, bb8.0}
bb10.9 -> {bb10.4, bb10.5, bb10.7, bb10.8, bb6.0, bb6.term}
bb10.10 -> {bb1.term, bb10.1, bb10.4, bb10.5, bb10.7, bb10.8, bb10.9, bb2.0, bb2.8, bb2.10, bb6.0, bb6.term, entry.term}
bb10.11 -> {bb10.10, entry.10}
bb10.12 -> {bb1.term, bb10.4, bb10.5, bb10.7, bb10.11, bb6.term, entry.term}
bb10.14 -> {bb1.term, bb10.1, bb10.4, bb10.5, bb10.7, bb10.8, bb10.13, bb2.0, bb2.8, bb2.10, bb6.0, bb6.term, entry.term}
bb10.15 -> {bb10.12, bb10.14}
bb10.16 -> {bb1.term, bb10.1, bb10.4, bb10.5, bb10.7, bb10.8, bb10.15, bb2.0, bb2.8, bb2.10, bb6.0, bb6.term, entry.term}
bb10.term -> {bb1.term, bb10.1, bb10.4, bb10.5, bb10.7, bb10.8, bb2.0, bb2.8, bb2.10, bb6.0, bb6.term, entry.term}
bb11.0 -> {bb8.0}
bb11.1 -> {bb1.term, bb6.term, entry.term}
bb11.2 -> {bb1.term, bb11.1, bb2.0, bb2.8, bb2.10, bb6.0, bb6.term, entry.7, entry.term}
bb11.3 -> {bb1.term, bb6.term, entry.10, entry.term}
bb11.term -> {bb1.term, bb11.2, bb11.3, bb2.0, bb2.8, bb2.10, bb6.0, bb6.term, entry.7, entry.term}
bb12.0 -> {bb10.term}
bb12.1 -> {bb10.4, bb10.5, bb10.7, bb10.8, bb10.term, bb12.0, bb6.0, bb6.term}
bb12.2 -> {bb10.16, bb12.1}
bb12.4 -> {bb1.6, bb12.3}
bb12.5 -> {bb1.term, bb10.4, bb10.5, bb10.7, bb10.term, bb12.4, bb6.term, entry.term}
bb12.6 -> {bb12.5}
bb12.7 -> {bb1.term, bb10.4, bb10.5, bb10.7, bb10.term, bb12.6, bb6.term, entry.term}
bb12.term -> {bb1.term, bb10.1, bb10.4, bb10.5, bb10.7, bb10.8, bb10.term, bb12.2, bb12.7, bb2.0, bb2.8, bb2.10, bb6.0, bb6.term, entry.term}
bb14.0 -> {bb11.term, bb8.0}
bb14.1 -> {bb14.0}
bb14.3 -> {bb1.term, bb11.term, bb14.1, bb14.2, bb2.0, bb2.8, bb2.10, bb6.0, bb6.term, entry.7, entry.term}
bb14.4 -> {bb14.3}
bb14.6 -> {bb14.5}
bb14.7 -> {bb11.term, bb14.1, bb2.0, bb2.8, bb2.10, bb6.term, entry.10}
bb14.8 -> {bb1.term, bb11.term, bb14.7, bb6.term, entry.term}
bb14.9 -> {bb11.term, bb14.1, bb14.8, bb2.0, bb2.8, bb2.10, bb6.term}
bb14.11 -> {bb1.term, bb11.term, bb14.1, bb14.4, bb14.10, bb2.0, bb2.8, bb2.10, bb6.term, entry.7, entry.term}
bb14.13 -> {bb14.11, bb14.12}
bb14.14 -> {bb1.term, bb11.term, bb14.1, bb14.4, bb14.13, bb2.0, bb2.8, bb2.10, bb6.term, entry.7, entry.term}
bb14.15 -> {bb14.9, bb14.14}
bb15.0 -> {bb5.0, bb5.term}
bb15.1 -> {bb15.0}
bb15.term -> {bb1.0, bb1.term, bb15.1, bb2.0, bb2.8, bb2.10, bb5.term, entry.7, entry.term}
bb16.0 -> {bb1.term, bb15.term, bb5.term, entry.term}
bb16.1 -> {bb1.term, bb15.term, bb16.0, bb5.term, entry.term}
bb16.3 -> {bb16.1, bb16.2}
bb16.4 -> {bb1.3, bb16.3}
bb16.5 -> {bb15.term, bb16.4, bb2.0, bb2.8, bb2.10, bb5.term}
bb16.7 -> {bb16.6}
bb17.1 -> {bb1.term, bb10.1, bb10.4, bb10.5, bb10.7, bb10.8, bb10.term, bb11.term, bb12.term, bb14.1, bb14.4, bb14.14, bb14.15, bb17.0, bb2.0, bb2.8, bb2.10, bb6.0, bb6.term, entry.7, entry.term}
bb17.term -> {bb17.1}
bb19.1 -> {bb19.0}
bb2.0 -> {bb1.term}
bb2.1 -> {entry.0}
bb2.2 -> {bb2.1}
bb2.3 -> {bb1.term, bb2.0, entry.7, entry.term}
bb2.4 -> {bb2.2, bb2.3}
bb2.5 -> {bb1.term, bb2.4, entry.term}
bb2.6 -> {bb2.5}
bb2.8 -> {bb2.6, bb2.7}
bb2.10 -> {bb1.term, bb2.9, entry.term}
bb2.11 -> {bb1.term, entry.term}
bb2.term -> {bb2.11}
bb20.1 -> {bb1.term, bb10.4, bb10.5, bb10.7, bb10.8, bb10.term, bb11.term, bb12.term, bb14.1, bb14.4, bb14.14, bb14.15, bb2.0, bb2.8, bb2.10, bb20.0, bb21.6, bb21.13, bb21.term, bb22.4, bb23.0, bb24.term, bb27.1, bb27.6, bb6.0, bb6.term, entry.term}
bb20.2 -> {bb20.1}
bb20.3 -> {bb10.4, bb10.5, bb10.7, bb10.8, bb10.term, bb12.term, bb14.4, bb14.14, bb14.15, bb20.2, bb21.13, bb21.term, bb24.term, bb27.1, bb27.6, bb6.0, bb6.term}
bb20.4 -> {bb20.3}
bb20.5 -> {bb1.15, bb1.term, bb10.4, bb10.5, bb10.7, bb10.term, bb11.term, bb12.term, bb14.14, bb21.term, bb24.term, bb27.1, bb27.8, bb6.term, entry.term}
bb20.6 -> {bb20.5}
bb20.7 -> {bb1.term, bb10.4, bb10.5, bb10.7, bb10.term, bb11.term, bb12.term, bb14.14, bb21.term, bb24.term, bb27.1, bb6.term, entry.term}
bb20.9 -> {bb1.term, bb10.4, bb10.5, bb10.7, bb10.term, bb11.term, bb12.term, bb14.14, bb20.8, bb21.term, bb24.term, bb27.1, bb27.8, bb6.term, entry.term}
bb20.10 -> {bb1.4, bb1.term, bb10.2, bb10.4, bb10.5, bb10.7, bb10.8, bb10.term, bb11.term, bb12.term, bb14.1, bb14.14, bb14.15, bb2.0, bb2.8, bb2.10, bb20.4, bb21.6, bb21.term, bb22.4, bb23.0, bb24.term, bb27.1, bb27.6, bb6.term, entry.term}
bb20.11 -> {bb20.10}
bb20.12 -> {bb20.9, bb20.11}
bb20.13 -> {bb1.term, bb10.4, bb10.5, bb10.7, bb10.8, bb10.term, bb11.term, bb12.term, bb14.1, bb14.14, bb14.15, bb2.0, bb2.8, bb2.10, bb20.4, bb20.12, bb21.6, bb21.term, bb22.4, bb23.0, bb24.term, bb27.1, bb27.6, bb6.term, entry.term}
bb20.14 -> {bb20.7, bb20.13}
bb20.16 -> {bb20.15}
bb21.0 -> {bb1.10, bb10.4, bb10.5, bb10.7, bb10.8, bb10.term, bb11.term, bb12.term, bb14.1, bb14.14, bb14.15, bb2.0, bb2.8, bb2.10, bb6.term}
bb21.1 -> {bb1.term, bb10.4, bb10.5, bb10.7, bb10.term, bb11.term, bb12.term, bb14.14, bb21.0, bb6.term, entry.term}
bb21.2 -> {bb21.1}
bb21.3 -> {bb1.term, bb10.1, bb10.4, bb10.5, bb10.7, bb10.8, bb10.term, bb11.term, bb12.term, bb14.1, bb14.4, bb14.14, bb14.15, bb2.0, bb2.8, bb2.10, bb21.2, bb6.0, bb6.term, entry.7, entry.term}
bb21.4 -> {bb1.2, bb21.3}
bb21.5 -> {bb1.2, bb11.0}
bb21.6 -> {bb21.4, bb21.5}
bb21.8 -> {bb21.7, bb8.0}
bb21.9 -> {bb11.0, bb21.8}
bb21.10 -> {bb1.term, bb10.1, bb10.4, bb10.5, bb10.7, bb10.8, bb10.term, bb11.term, bb12.term, bb14.1, bb14.4, bb14.14, bb14.15, bb2.0, bb2.8, bb2.10, bb21.6, bb21.9, bb6.0, bb6.term, entry.7, entry.term}
bb21.11 -> {bb21.10, bb8.0}
bb21.12 -> {bb1.term, bb10.1, bb10.4, bb10.5, bb10.7, bb10.8, bb10.term, bb11.term, bb12.term, bb14.1, bb14.4, bb14.14, bb14.15, bb2.0, bb2.8, bb2.10, bb21.6, bb21.11, bb6.0, bb6.term, entry.7, entry.term}
bb21.13 -> {bb21.12}
bb21.14 -> {bb1.term, bb10.1, bb10.4, bb10.5, bb10.7, bb10.8, bb10.term, bb11.term, bb12.term, bb14.1, bb14.14, bb14.15, bb2.8, bb2.10, bb21.6, bb6.term, entry.7, entry.term}
bb21.15 -> {bb1.term, bb10.4, bb10.5, bb10.7, bb10.8, bb10.term, bb11.term, bb12.term, bb14.1, bb14.14, bb14.15, bb2.8, bb2.10, bb21.6, bb21.13, bb6.term, entry.term}
bb21.16 -> {bb21.15}
bb21.term -> {bb1.term, bb10.1, bb10.4, bb10.5, bb10.7, bb10.8, bb10.term, bb11.term, bb12.term, bb14.1, bb14.14, bb14.15, bb2.0, bb2.8, bb2.10, bb21.6, bb21.13, bb6.term, entry.7, entry.term}
bb22.0 -> {bb1.12}
bb22.1 -> {bb22.0}
bb22.2 -> {bb1.term, bb10.4, bb10.5, bb10.7, bb10.term, bb11.term, bb12.term, bb14.14, bb22.1, bb6.term, entry.term}
bb22.3 -> {bb1.term, bb10.1, bb10.4, bb10.5, bb10.7, bb10.8, bb10.term, bb11.term, bb12.term, bb14.1, bb14.4, bb14.14, bb14.15, bb2.0, bb2.8, bb2.10, bb22.2, bb6.0, bb6.term, entry.7, entry.term}
bb22.4 -> {bb22.3}
bb22.term -> {bb22.5}
bb23.0 -> {bb21.term}
bb24.2 -> {bb1.term, bb10.4, bb10.5, bb10.7, bb10.term, bb11.term, bb12.term, bb14.14, bb24.1, bb6.term, entry.term}
bb24.3 -> {bb25.0, bb26.0}
bb24.4 -> {bb24.3}
bb24.5 -> {bb10.4, bb10.5, bb10.7, bb10.8, bb10.term, bb11.0, bb12.term, bb14.4, bb14.14, bb14.15, bb6.0, bb6.term}
bb24.6 -> {bb1.term, bb10.4, bb10.5, bb10.7, bb10.8, bb10.term, bb11.term, bb12.term, bb14.1, bb14.4, bb14.14, bb14.15, bb2.0, bb2.8, bb2.10, bb22.4, bb24.5, bb6.0, bb6.term, entry.term}
bb24.7 -> {bb1.2, bb1.term, bb10.4, bb10.5, bb10.7, bb10.8, bb10.term, bb11.term, bb12.term, bb14.1, bb14.4, bb14.14, bb14.15, bb2.0, bb2.8, bb2.10, bb22.4, bb6.0, bb6.term, entry.term}
bb24.8 -> {bb24.6, bb24.7}
bb24.9 -> {bb24.4, bb24.8}
bb24.10 -> {bb1.term, bb10.4, bb10.5, bb10.7, bb10.term, bb11.term, bb12.term, bb14.14, bb24.9, bb6.term, entry.term}
bb24.term -> {bb1.term, bb10.4, bb10.5, bb10.7, bb10.8, bb10.term, bb11.term, bb12.term, bb14.1, bb14.4, bb14.14, bb14.15, bb2.0, bb2.8, bb2.10, bb22.4, bb24.0, bb24.2, bb24.10, bb6.0, bb6.term, entry.term}
bb27.0 -> {bb1.13, bb1.term, bb10.4, bb10.5, bb10.7, bb10.term, bb11.term, bb12.term, bb14.14, bb24.term, bb6.term, entry.term}
bb27.1 -> {bb1.term, bb10.4, bb10.5, bb10.7, bb10.8, bb10.term, bb11.term, bb12.term, bb14.1, bb14.4, bb14.14, bb14.15, bb2.0, bb2.8, bb2.10, bb22.4, bb24.term, bb27.0, bb6.0, bb6.term, entry.term}
bb27.3 -> {bb1.term, bb10.4, bb10.5, bb10.7, bb10.term, bb11.term, bb12.term, bb14.14, bb24.term, bb27.1, bb27.2, bb6.term, entry.term}
bb27.5 -> {bb27.3, bb27.4}
bb27.6 -> {bb10.4, bb10.5, bb10.7, bb10.8, bb10.term, bb11.term, bb12.term, bb14.1, bb14.14, bb14.15, bb2.0, bb2.8, bb2.10, bb24.term, bb27.1, bb27.5, bb6.term}
bb27.8 -> {bb27.7, entry.10}
bb28.term -> {bb19.1}
bb29.term -> {bb1.term, bb10.1, bb10.4, bb10.5, bb10.7, bb10.8, bb10.term, bb11.term, bb12.term, bb14.1, bb14.4, bb14.14, bb14.15, bb2.0, bb2.8, bb2.10, bb20.4, bb20.6, bb20.14, bb21.6, bb21.term, bb22.4, bb23.0, bb24.term, bb27.1, bb27.6, bb27.8, bb29.term, bb32.4, bb32.7, bb32.12, bb32.15, bb6.0, bb6.term, entry.7, entry.term}
bb30.0 -> {bb10.4, bb10.5, bb10.7, bb10.8, bb10.term, bb11.term, bb12.term, bb14.1, bb14.14, bb14.15, bb2.0, bb2.8, bb2.10, bb20.14, bb21.6, bb21.term, bb24.term, bb27.1, bb27.6, bb29.term, bb32.12, bb32.15, bb6.term}
bb32.1 -> {bb32.0, bb33.0, bb34.0}
bb32.2 -> {bb32.1}
bb32.3 -> {bb32.2}
bb32.4 -> {bb1.term, bb10.4, bb10.5, bb10.7, bb10.8, bb10.term, bb11.term, bb12.term, bb14.1, bb14.14, bb14.15, bb2.8, bb2.10, bb20.14, bb21.6, bb21.term, bb24.term, bb27.1, bb27.6, bb29.term, bb32.7, bb32.12, bb32.15, bb6.term, entry.term}
bb32.6 -> {bb32.5}
bb32.7 -> {bb32.6}
bb32.9 -> {bb1.4, bb10.2, bb32.8}
bb32.10 -> {bb1.term, bb10.4, bb10.5, bb10.7, bb10.8, bb10.term, bb11.term, bb12.term, bb14.1, bb14.4, bb14.14, bb14.15, bb2.0, bb2.8, bb2.10, bb20.4, bb20.14, bb21.6, bb21.term, bb24.term, bb27.1, bb27.6, bb29.term, bb32.4, bb32.7, bb32.9, bb32.12, bb32.15, bb6.0, bb6.term, entry.term}
bb32.12 -> {bb1.term, bb10.4, bb10.5, bb10.7, bb10.8, bb10.term, bb11.term, bb12.term, bb14.1, bb14.4, bb14.14, bb14.15, bb2.0, bb2.8, bb2.10, bb20.4, bb20.6, bb20.14, bb21.6, bb21.term, bb24.term, bb27.1, bb27.6, bb27.8, bb29.term, bb32.4, bb32.7, bb32.11, bb32.12, bb32.15, bb6.0, bb6.term, entry.term}
bb32.13 -> {bb32.12}
bb32.14 -> {bb32.10, bb32.13}
bb32.15 -> {bb1.term, bb10.4, bb10.5, bb10.7, bb10.8, bb10.term, bb11.term, bb12.term, bb14.1, bb14.4, bb14.14, bb14.15, bb2.0, bb2.8, bb2.10, bb20.4, bb20.6, bb20.14, bb21.6, bb21.term, bb24.term, bb27.1, bb27.6, bb27.8, bb29.term, bb32.4, bb32.7, bb32.12, bb32.14, bb32.15, bb6.0, bb6.term, entry.term}
bb4.2 -> {bb4.1}
bb4.3 -> {bb4.2}
bb4.term -> {bb4.3}
bb5.0 -> {bb1.0, bb1.3, bb1.term, bb2.0, bb2.8, bb2.10, entry.7, entry.term}
bb5.1 -> {bb1.3}
bb5.2 -> {bb1.0, bb1.term, bb2.0, bb2.8, bb2.10, bb5.1, entry.7, entry.term}
bb5.4 -> {bb1.term, bb5.3, entry.term}
bb5.term -> {bb1.0, bb1.term, bb2.0, bb2.8, bb2.10, bb5.2, bb5.4, entry.7, entry.term}
bb6.0 -> {bb4.2, bb7.0}
bb6.term -> {bb1.term, bb2.0, bb2.8, bb2.10, bb6.0, entry.7, entry.term}
bb7.0 -> {bb1.term, bb2.8, bb2.10, entry.term}
entry.2 -> {entry.1}
entry.4 -> {entry.3}
entry.5 -> {entry.2, entry.4}
entry.6 -> {entry.5}
entry.7 -> {entry.6}
entry.9 -> {entry.8}
entry.12 -> {entry.7, entry.11}
entry.13 -> {entry.12}
entry.14 -> {entry.10}
entry.15 -> {entry.14}
entry.term -> {entry.7, entry.13, entry.15}
exit.term -> {bb16.7, bb30.0}
