bb1 -> {}
bb10 -> {bb9}
bb11 -> {exit}
bb12 -> {exit}
bb13 -> {bb12}
bb14 -> {exit}
bb15 -> {bb14}
bb16 -> {bb14}
bb17 -> {exit}
bb18 -> {bb17}
bb19 -> {bb17}
bb2 -> {bb1}
bb20 -> {bb19}
bb21 -> {bb19}
bb3 -> {bb1}
bb4 -> {bb3}
bb5 -> {bb3}
bb6 -> {exit}
bb7 -> {exit}
bb8 -> {exit}
bb9 -> {bb9, exit}
entry -> {}
exit -> {}

