bb1 -> {}
bb10 -> {bb8}
bb11 -> {bb1}
bb12 -> {bb11}
bb13 -> {bb11}
bb14 -> {bb13}
bb15 -> {bb13}
bb2 -> {bb1}
bb3 -> {bb1}
bb4 -> {bb1, bb4}
bb5 -> {bb4}
bb6 -> {bb1}
bb7 -> {bb1}
bb8 -> {bb1}
bb9 -> {bb8}
entry -> {}

